node.exe : - Generating browser application bundles (phase: setup)...
At line:1 char:1
+ & "C:\Program Files\nodejs/node.exe" "C:\Users\mulac\AppData\Roaming\ ...
+ ~~~~~~~~~~~~~~~~~~~~~~~~~~~~~~~~~~~~~~~~~~~~~~~~~~~~~~~~~~~~~~~~~~~~~
    + CategoryInfo          : NotSpecified: (- Generating br...hase: setup)...:String) [], RemoteException
    + FullyQualifiedErrorId : NativeCommandError
 
ΓêÜ Browser application bundle generation complete.
[32m25 02 2026 16:19:20.868:INFO [karma-server]: [39mKarma v6.4.4 server started at http://localhost:9876/
[32m25 02 2026 16:19:20.871:INFO [launcher]: [39mLaunching browsers ChromeHeadless with concurrency unlimited
[32m25 02 2026 16:19:20.883:INFO [launcher]: [39mStarting browser ChromeHeadless
[32m25 02 2026 16:19:23.328:INFO [Chrome Headless 145.0.0.0 (Windows 10)]: [39mConnected on socket JIvb1IYd9kHk_LX3AAAB with id 64004655
Chrome Headless 145.0.0.0 (Windows 10): Executed 0 of 101[32m SUCCESS[39m (0 secs / 0 secs)
[1A[2KChrome Headless 145.0.0.0 (Windows 10): Executed 1 of 101[32m SUCCESS[39m (0 secs / 0.007 secs)
[1A[2KChrome Headless 145.0.0.0 (Windows 10): Executed 2 of 101[32m SUCCESS[39m (0 secs / 0.007 secs)
[1A[2KChrome Headless 145.0.0.0 (Windows 10): Executed 3 of 101[32m SUCCESS[39m (0 secs / 0.179 secs)
[1A[2KChrome Headless 145.0.0.0 (Windows 10): Executed 4 of 101[32m SUCCESS[39m (0 secs / 0.193 secs)
[1A[2KChrome Headless 145.0.0.0 (Windows 10): Executed 5 of 101[32m SUCCESS[39m (0 secs / 0.203 secs)
[1A[2KChrome Headless 145.0.0.0 (Windows 10): Executed 6 of 101[32m SUCCESS[39m (0 secs / 0.215 secs)
[1A[2KChrome Headless 145.0.0.0 (Windows 10): Executed 7 of 101[32m SUCCESS[39m (0 secs / 0.228 secs)
[1A[2KChrome Headless 145.0.0.0 (Windows 10): Executed 8 of 101[32m SUCCESS[39m (0 secs / 0.238 secs)
[1A[2KChrome Headless 145.0.0.0 (Windows 10): Executed 9 of 101[32m SUCCESS[39m (0 secs / 0.255 secs)
[1A[2KChrome Headless 145.0.0.0 (Windows 10): Executed 10 of 101[32m SUCCESS[39m (0 secs / 0.266 secs)
[1A[2KChrome Headless 145.0.0.0 (Windows 10): Executed 11 of 101[32m SUCCESS[39m (0 secs / 0.275 secs)
[1A[2KChrome Headless 145.0.0.0 (Windows 10): Executed 12 of 101[32m SUCCESS[39m (0 secs / 0.285 secs)
[1A[2KChrome Headless 145.0.0.0 (Windows 10): Executed 13 of 101[32m SUCCESS[39m (0 secs / 0.295 secs)
[1A[2KChrome Headless 145.0.0.0 (Windows 10): Executed 14 of 101[32m SUCCESS[39m (0 secs / 0.303 secs)
[1A[2KChrome Headless 145.0.0.0 (Windows 10): Executed 15 of 101[32m SUCCESS[39m (0 secs / 0.328 secs)
[1A[2KChrome Headless 145.0.0.0 (Windows 10): Executed 16 of 101[32m SUCCESS[39m (0 secs / 0.331 secs)
[1A[2KChrome Headless 145.0.0.0 (Windows 10): Executed 17 of 101[32m SUCCESS[39m (0 secs / 0.335 secs)
[1A[2KChrome Headless 145.0.0.0 (Windows 10): Executed 18 of 101[32m SUCCESS[39m (0 secs / 0.358 secs)
[1A[2KChrome Headless 145.0.0.0 (Windows 10): Executed 19 of 101[32m SUCCESS[39m (0 secs / 0.363 secs)
[1A[2KChrome Headless 145.0.0.0 (Windows 10): Executed 20 of 101[32m SUCCESS[39m (0 secs / 0.369 secs)
[1A[2KChrome Headless 145.0.0.0 (Windows 10): Executed 21 of 101[32m SUCCESS[39m (0 secs / 0.375 secs)
[1A[2KChrome Headless 145.0.0.0 (Windows 10): Executed 22 of 101[32m SUCCESS[39m (0 secs / 0.379 secs)
[1A[2KChrome Headless 145.0.0.0 (Windows 10): Executed 23 of 101[32m SUCCESS[39m (0 secs / 0.394 secs)
[1A[2KChrome Headless 145.0.0.0 (Windows 10): Executed 24 of 101[32m SUCCESS[39m (0 secs / 0.399 secs)
[1A[2KChrome Headless 145.0.0.0 (Windows 10): Executed 25 of 101[32m SUCCESS[39m (0 secs / 0.466 secs)
[1A[2KChrome Headless 145.0.0.0 (Windows 10): Executed 26 of 101[32m SUCCESS[39m (0 secs / 0.472 secs)
[1A[2KChrome Headless 145.0.0.0 (Windows 10): Executed 27 of 101[32m SUCCESS[39m (0 secs / 0.513 secs)
[1A[2KChrome Headless 145.0.0.0 (Windows 10): Executed 28 of 101[32m SUCCESS[39m (0 secs / 0.521 secs)
[1A[2KChrome Headless 145.0.0.0 (Windows 10): Executed 29 of 101[32m SUCCESS[39m (0 secs / 0.53 secs)
[1A[2KChrome Headless 145.0.0.0 (Windows 10): Executed 30 of 101[32m SUCCESS[39m (0 secs / 0.54 secs)
[1A[2KChrome Headless 145.0.0.0 (Windows 10): Executed 31 of 101[32m SUCCESS[39m (0 secs / 0.548 secs)
[1A[2KChrome Headless 145.0.0.0 (Windows 10): Executed 32 of 101[32m SUCCESS[39m (0 secs / 0.554 secs)
[1A[2KChrome Headless 145.0.0.0 (Windows 10): Executed 33 of 101[32m SUCCESS[39m (0 secs / 0.562 secs)
[1A[2KChrome Headless 145.0.0.0 (Windows 10): Executed 34 of 101[32m SUCCESS[39m (0 secs / 0.569 secs)
[1A[2KChrome Headless 145.0.0.0 (Windows 10): Executed 35 of 101[32m SUCCESS[39m (0 secs / 0.575 secs)
[1A[2KChrome Headless 145.0.0.0 (Windows 10): Executed 36 of 101[32m SUCCESS[39m (0 secs / 0.582 secs)
[1A[2KChrome Headless 145.0.0.0 (Windows 10): Executed 37 of 101[32m SUCCESS[39m (0 secs / 0.592 secs)
[1A[2KChrome Headless 145.0.0.0 (Windows 10): Executed 38 of 101[32m SUCCESS[39m (0 secs / 0.6 secs)
[1A[2KChrome Headless 145.0.0.0 (Windows 10): Executed 39 of 101[32m SUCCESS[39m (0 secs / 0.606 secs)
[1A[2KChrome Headless 145.0.0.0 (Windows 10): Executed 40 of 101[32m SUCCESS[39m (0 secs / 0.614 secs)
[1A[2KChrome Headless 145.0.0.0 (Windows 10): Executed 41 of 101[32m SUCCESS[39m (0 secs / 0.62 secs)
[1A[2KChrome Headless 145.0.0.0 (Windows 10): Executed 42 of 101[32m SUCCESS[39m (0 secs / 0.626 secs)
[1A[2KChrome Headless 145.0.0.0 (Windows 10): Executed 43 of 101[32m SUCCESS[39m (0 secs / 0.632 secs)
[1A[2KChrome Headless 145.0.0.0 (Windows 10): Executed 44 of 101[32m SUCCESS[39m (0 secs / 0.638 secs)
[1A[2KChrome Headless 145.0.0.0 (Windows 10): Executed 45 of 101[32m SUCCESS[39m (0 secs / 0.644 secs)
[1A[2KChrome Headless 145.0.0.0 (Windows 10): Executed 46 of 101[32m SUCCESS[39m (0 secs / 0.649 secs)
[1A[2KChrome Headless 145.0.0.0 (Windows 10): Executed 47 of 101[32m SUCCESS[39m (0 secs / 0.654 secs)
[1A[2KChrome Headless 145.0.0.0 (Windows 10): Executed 48 of 101[32m SUCCESS[39m (0 secs / 0.698 secs)
[1A[2KChrome Headless 145.0.0.0 (Windows 10): Executed 49 of 101[32m SUCCESS[39m (0 secs / 0.704 secs)
[1A[2KChrome Headless 145.0.0.0 (Windows 10): Executed 50 of 101[32m SUCCESS[39m (0 secs / 0.71 secs)
[1A[2KChrome Headless 145.0.0.0 (Windows 10): Executed 51 of 101[32m SUCCESS[39m (0 secs / 0.715 secs)
[1A[2KChrome Headless 145.0.0.0 (Windows 10): Executed 52 of 101[32m SUCCESS[39m (0 secs / 0.72 secs)
[1A[2KChrome Headless 145.0.0.0 (Windows 10): Executed 53 of 101[32m SUCCESS[39m (0 secs / 0.725 secs)
[1A[2KChrome Headless 145.0.0.0 (Windows 10): Executed 54 of 101[32m SUCCESS[39m (0 secs / 0.738 secs)
[1A[2KChrome Headless 145.0.0.0 (Windows 10): Executed 55 of 101[32m SUCCESS[39m (0 secs / 0.744 secs)
[1A[2KChrome Headless 145.0.0.0 (Windows 10): Executed 56 of 101[32m SUCCESS[39m (0 secs / 0.749 secs)
[1A[2KChrome Headless 145.0.0.0 (Windows 10): Executed 57 of 101[32m SUCCESS[39m (0 secs / 0.756 secs)
[1A[2KChrome Headless 145.0.0.0 (Windows 10): Executed 58 of 101[32m SUCCESS[39m (0 secs / 0.761 secs)
[1A[2KChrome Headless 145.0.0.0 (Windows 10): Executed 59 of 101[32m SUCCESS[39m (0 secs / 0.763 secs)
[1A[2KChrome Headless 145.0.0.0 (Windows 10): Executed 60 of 101[32m SUCCESS[39m (0 secs / 0.766 secs)
[1A[2KChrome Headless 145.0.0.0 (Windows 10): Executed 61 of 101[32m SUCCESS[39m (0 secs / 0.768 secs)
[1A[2KChrome Headless 145.0.0.0 (Windows 10): Executed 62 of 101[32m SUCCESS[39m (0 secs / 0.771 secs)
[1A[2KChrome Headless 145.0.0.0 (Windows 10): Executed 63 of 101[32m SUCCESS[39m (0 secs / 0.773 secs)
[1A[2KChrome Headless 145.0.0.0 (Windows 10): Executed 64 of 101[32m SUCCESS[39m (0 secs / 0.798 secs)
[1A[2KChrome Headless 145.0.0.0 (Windows 10): Executed 65 of 101[32m SUCCESS[39m (0 secs / 0.803 secs)
[1A[2KChrome Headless 145.0.0.0 (Windows 10): Executed 66 of 101[32m SUCCESS[39m (0 secs / 0.808 secs)
[1A[2KChrome Headless 145.0.0.0 (Windows 10): Executed 67 of 101[32m SUCCESS[39m (0 secs / 0.813 secs)
[1A[2KChrome Headless 145.0.0.0 (Windows 10): Executed 68 of 101[32m SUCCESS[39m (0 secs / 0.817 secs)
[1A[2KChrome Headless 145.0.0.0 (Windows 10): Executed 69 of 101[32m SUCCESS[39m (0 secs / 0.819 secs)
[1A[2KChrome Headless 145.0.0.0 (Windows 10): Executed 70 of 101[32m SUCCESS[39m (0 secs / 0.822 secs)
[1A[2KChrome Headless 145.0.0.0 (Windows 10): Executed 71 of 101[32m SUCCESS[39m (0 secs / 0.825 secs)
[1A[2KChrome Headless 145.0.0.0 (Windows 10): Executed 72 of 101[32m SUCCESS[39m (0 secs / 0.83 secs)
[1A[2KChrome Headless 145.0.0.0 (Windows 10): Executed 73 of 101[32m SUCCESS[39m (0 secs / 0.834 secs)
[1A[2KChrome Headless 145.0.0.0 (Windows 10): Executed 74 of 101[32m SUCCESS[39m (0 secs / 0.836 secs)
[1A[2KChrome Headless 145.0.0.0 (Windows 10): Executed 75 of 101[32m SUCCESS[39m (0 secs / 0.84 secs)
[1A[2KChrome Headless 145.0.0.0 (Windows 10): Executed 76 of 101[32m SUCCESS[39m (0 secs / 0.843 secs)
[1A[2KChrome Headless 145.0.0.0 (Windows 10): Executed 77 of 101[32m SUCCESS[39m (0 secs / 0.847 secs)
[1A[2KChrome Headless 145.0.0.0 (Windows 10): Executed 78 of 101[32m SUCCESS[39m (0 secs / 0.85 secs)
[1A[2KChrome Headless 145.0.0.0 (Windows 10): Executed 79 of 101[32m SUCCESS[39m (0 secs / 0.854 secs)
[1A[2KChrome Headless 145.0.0.0 (Windows 10): Executed 80 of 101[32m SUCCESS[39m (0 secs / 0.857 secs)
[1A[2KChrome Headless 145.0.0.0 (Windows 10): Executed 81 of 101[32m SUCCESS[39m (0 secs / 0.859 secs)
[1A[2KChrome Headless 145.0.0.0 (Windows 10): Executed 82 of 101[32m SUCCESS[39m (0 secs / 0.862 secs)
[1A[2KChrome Headless 145.0.0.0 (Windows 10): Executed 83 of 101[32m SUCCESS[39m (0 secs / 0.865 secs)
[1A[2KChrome Headless 145.0.0.0 (Windows 10): Executed 84 of 101[32m SUCCESS[39m (0 secs / 0.866 secs)
[1A[2KChrome Headless 145.0.0.0 (Windows 10): Executed 85 of 101[32m SUCCESS[39m (0 secs / 0.872 secs)
[1A[2KChrome Headless 145.0.0.0 (Windows 10): Executed 86 of 101[32m SUCCESS[39m (0 secs / 0.877 secs)
[1A[2KChrome Headless 145.0.0.0 (Windows 10): Executed 87 of 101[32m SUCCESS[39m (0 secs / 0.881 secs)
[1A[2KChrome Headless 145.0.0.0 (Windows 10): Executed 88 of 101[32m SUCCESS[39m (0 secs / 0.883 secs)
[1A[2KChrome Headless 145.0.0.0 (Windows 10): Executed 89 of 101[32m SUCCESS[39m (0 secs / 0.904 secs)
[1A[2KChrome Headless 145.0.0.0 (Windows 10): Executed 90 of 101[32m SUCCESS[39m (0 secs / 0.911 secs)
[1A[2KChrome Headless 145.0.0.0 (Windows 10): Executed 91 of 101[32m SUCCESS[39m (0 secs / 0.916 secs)
[1A[2KChrome Headless 145.0.0.0 (Windows 10): Executed 92 of 101[32m SUCCESS[39m (0 secs / 0.921 secs)
[1A[2KChrome Headless 145.0.0.0 (Windows 10): Executed 93 of 101[32m SUCCESS[39m (0 secs / 0.927 secs)
[1A[2KChrome Headless 145.0.0.0 (Windows 10): Executed 94 of 101[32m SUCCESS[39m (0 secs / 0.932 secs)
[1A[2KChrome Headless 145.0.0.0 (Windows 10): Executed 95 of 101[32m SUCCESS[39m (0 secs / 0.937 secs)
[1A[2KChrome Headless 145.0.0.0 (Windows 10): Executed 96 of 101[32m SUCCESS[39m (0 secs / 0.943 secs)
[1A[2KChrome Headless 145.0.0.0 (Windows 10): Executed 97 of 101[32m SUCCESS[39m (0 secs / 0.943 secs)
[1A[2KChrome Headless 145.0.0.0 (Windows 10): Executed 98 of 101[32m SUCCESS[39m (0 secs / 0.943 secs)
[1A[2KChrome Headless 145.0.0.0 (Windows 10): Executed 99 of 101[32m SUCCESS[39m (0 secs / 0.948 secs)
[1A[2KChrome Headless 145.0.0.0 (Windows 10): Executed 100 of 101[32m SUCCESS[39m (0 secs / 0.951 secs)
[1A[2KChrome Headless 145.0.0.0 (Windows 10): Executed 101 of 101[32m SUCCESS[39m (0 secs / 0.954 secs)
[1A[2KChrome Headless 145.0.0.0 (Windows 10): Executed 101 of 101[32m SUCCESS[39m (1.087 secs / 0.954 secs)
[32mTOTAL: 101 SUCCESS[39m
ΓêÜ Browser application bundle generation complete.
ΓêÜ Browser application bundle generation complete.
